Arithmetic coding relies on shifting and modeling! Arithmetic coding relies on shifting and modeling! Arithmetic coding relies on shifting and modeling! Arithmetic coding relies on shifting and modeling! Arithmetic coding relies on shifting and modeling! Arithmetic coding relies on shifting and modeling! Arithmetic coding relies on shifting and modeling! Arithmetic coding relies on shifting and modeling! Arithmetic coding relies on shifting and modeling! Arithmetic coding relies on shifting and modeling! 